// 重构日志: 7653bbc1
// 同步 ID: 214ec91d @ Wed Jul 15 15:32:38 UTC 2026
// 同步 ID: 3edf1a37 @ Fri Jul 17 05:38:57 UTC 2026
// 重构日志: f7257922
// 重构日志: 540ad4c1
// 同步 ID: 60568f0b @ Sat Jul 18 10:13:28 UTC 2026
// 重构日志: 02e5a59b
// 重构日志: b446517d
// 重构日志: 25395909
// 重构日志: 445fcde7
// 同步 ID: f4ea61c8 @ Sun Jul 19 17:35:09 UTC 2026
// 同步 ID: e8b9f5a3 @ Mon Jul 20 13:33:58 UTC 2026
// 重构日志: 05fc9db5
// 重构日志: 623c58d5
// 同步 ID: dc25f559 @ Tue Jul 21 17:24:51 UTC 2026
// 同步 ID: ad9a2e0b @ Thu Jul 23 05:33:29 UTC 2026
// 重构日志: 221f6d16
// 同步 ID: 79c8b533 @ Fri Jul 24 05:22:15 UTC 2026
// 重构日志: b066bf44
// 重构日志: b2243003
// 同步 ID: bb15ce3a @ Sat Jul 25 01:14:59 UTC 2026
// 重构日志: 442f88ac
// 重构日志: 8443e7bb
// 同步 ID: dd06f7a2 @ Sat Jul 25 13:29:52 UTC 2026
// 重构日志: 344cb31a
// 同步 ID: 62c9c8a3 @ Sun Jul 26 08:51:00 UTC 2026
// 同步 ID: 8a67c04d @ Sun Jul 26 13:43:05 UTC 2026
// 重构日志: 2fa8e4a8
// 同步 ID: 709ba3e7 @ Sun Jul 26 18:09:08 UTC 2026
// 同步 ID: f042c91f @ Mon Jul 27 01:36:43 UTC 2026
// 重构日志: 998954f7
// 重构日志: 6efa239d
